Archive member included to satisfy reference by file (symbol)

/Users/djeasy84/Documents/GitHub/easyOS/Mac/AVR-GCC/bin/../lib/gcc/avr/4.9.2/avr6/libgcc.a(_divmodhi4.o)
                              stk500boot.o (__divmodhi4)
/Users/djeasy84/Documents/GitHub/easyOS/Mac/AVR-GCC/bin/../lib/gcc/avr/4.9.2/avr6/libgcc.a(_udivmodsi4.o)
                              stk500boot.o (__udivmodsi4)
/Users/djeasy84/Documents/GitHub/easyOS/Mac/AVR-GCC/bin/../lib/gcc/avr/4.9.2/avr6/libgcc.a(_exit.o)
                              /Users/djeasy84/Documents/GitHub/easyOS/Mac/AVR-GCC/bin/../lib/gcc/avr/4.9.2/../../../../avr/lib/avr6/crtatmega2560.o (exit)
/Users/djeasy84/Documents/GitHub/easyOS/Mac/AVR-GCC/bin/../lib/gcc/avr/4.9.2/avr6/libgcc.a(_copy_data.o)
                              stk500boot.o (__do_copy_data)
/Users/djeasy84/Documents/GitHub/easyOS/Mac/AVR-GCC/bin/../lib/gcc/avr/4.9.2/avr6/libgcc.a(_clear_bss.o)
                              stk500boot.o (__do_clear_bss)
/Users/djeasy84/Documents/GitHub/easyOS/Mac/AVR-GCC/bin/../lib/gcc/avr/4.9.2/avr6/libgcc.a(_udivmodhi4.o)
                              /Users/djeasy84/Documents/GitHub/easyOS/Mac/AVR-GCC/bin/../lib/gcc/avr/4.9.2/avr6/libgcc.a(_divmodhi4.o) (__udivmodhi4)
/Users/djeasy84/Documents/GitHub/easyOS/Mac/AVR-GCC/bin/../lib/gcc/avr/4.9.2/../../../../avr/lib/avr6/libatmega2560.a(eerd_byte.o)
                              stk500boot.o (eeprom_read_byte)
/Users/djeasy84/Documents/GitHub/easyOS/Mac/AVR-GCC/bin/../lib/gcc/avr/4.9.2/../../../../avr/lib/avr6/libatmega2560.a(eewr_byte.o)
                              stk500boot.o (eeprom_write_byte)

Allocating common symbols
Common symbol       size              file

gEepromIndex        0x4               stk500boot.o
gFlashIndex         0x4               stk500boot.o
gRamIndex           0x4               stk500boot.o

Memory Configuration

Name             Origin             Length             Attributes
text             0x00000000         0x00100000         xr
data             0x00800200         0x0000fe00         rw !x
eeprom           0x00810000         0x00010000         rw !x
fuse             0x00820000         0x00000003         rw !x
lock             0x00830000         0x00000400         rw !x
signature        0x00840000         0x00000400         rw !x
user_signatures  0x00850000         0x00000400         rw !x
*default*        0x00000000         0xffffffff

Linker script and memory map

Address of section .data set to 0x800200
LOAD /Users/djeasy84/Documents/GitHub/easyOS/Mac/AVR-GCC/bin/../lib/gcc/avr/4.9.2/../../../../avr/lib/avr6/crtatmega2560.o
LOAD stk500boot.o
LOAD /Users/djeasy84/Documents/GitHub/easyOS/Mac/AVR-GCC/bin/../lib/gcc/avr/4.9.2/../../../../avr/lib/avr6/libm.a
Address of section .text set to 0x3e000
START GROUP
LOAD /Users/djeasy84/Documents/GitHub/easyOS/Mac/AVR-GCC/bin/../lib/gcc/avr/4.9.2/avr6/libgcc.a
LOAD /Users/djeasy84/Documents/GitHub/easyOS/Mac/AVR-GCC/bin/../lib/gcc/avr/4.9.2/../../../../avr/lib/avr6/libm.a
LOAD /Users/djeasy84/Documents/GitHub/easyOS/Mac/AVR-GCC/bin/../lib/gcc/avr/4.9.2/../../../../avr/lib/avr6/libc.a
LOAD /Users/djeasy84/Documents/GitHub/easyOS/Mac/AVR-GCC/bin/../lib/gcc/avr/4.9.2/../../../../avr/lib/avr6/libatmega2560.a
END GROUP
                0x00100000                __TEXT_REGION_LENGTH__ = DEFINED (__TEXT_REGION_LENGTH__)?__TEXT_REGION_LENGTH__:0x100000
                0x0000fe00                __DATA_REGION_LENGTH__ = DEFINED (__DATA_REGION_LENGTH__)?__DATA_REGION_LENGTH__:0xfe00
                0x00010000                __EEPROM_REGION_LENGTH__ = DEFINED (__EEPROM_REGION_LENGTH__)?__EEPROM_REGION_LENGTH__:0x10000
                [0x00000003]                __FUSE_REGION_LENGTH__ = DEFINED (__FUSE_REGION_LENGTH__)?__FUSE_REGION_LENGTH__:0x400
                0x00000400                __LOCK_REGION_LENGTH__ = DEFINED (__LOCK_REGION_LENGTH__)?__LOCK_REGION_LENGTH__:0x400
                0x00000400                __SIGNATURE_REGION_LENGTH__ = DEFINED (__SIGNATURE_REGION_LENGTH__)?__SIGNATURE_REGION_LENGTH__:0x400
                0x00000400                __USER_SIGNATURE_REGION_LENGTH__ = DEFINED (__USER_SIGNATURE_REGION_LENGTH__)?__USER_SIGNATURE_REGION_LENGTH__:0x400

.hash
 *(.hash)

.dynsym
 *(.dynsym)

.dynstr
 *(.dynstr)

.gnu.version
 *(.gnu.version)

.gnu.version_d
 *(.gnu.version_d)

.gnu.version_r
 *(.gnu.version_r)

.rel.init
 *(.rel.init)

.rela.init
 *(.rela.init)

.rel.text
 *(.rel.text)
 *(.rel.text.*)
 *(.rel.gnu.linkonce.t*)

.rela.text
 *(.rela.text)
 *(.rela.text.*)
 *(.rela.gnu.linkonce.t*)

.rel.fini
 *(.rel.fini)

.rela.fini
 *(.rela.fini)

.rel.rodata
 *(.rel.rodata)
 *(.rel.rodata.*)
 *(.rel.gnu.linkonce.r*)

.rela.rodata
 *(.rela.rodata)
 *(.rela.rodata.*)
 *(.rela.gnu.linkonce.r*)

.rel.data
 *(.rel.data)
 *(.rel.data.*)
 *(.rel.gnu.linkonce.d*)

.rela.data
 *(.rela.data)
 *(.rela.data.*)
 *(.rela.gnu.linkonce.d*)

.rel.ctors
 *(.rel.ctors)

.rela.ctors
 *(.rela.ctors)

.rel.dtors
 *(.rel.dtors)

.rela.dtors
 *(.rela.dtors)

.rel.got
 *(.rel.got)

.rela.got
 *(.rela.got)

.rel.bss
 *(.rel.bss)

.rela.bss
 *(.rela.bss)

.rel.plt
 *(.rel.plt)

.rela.plt
 *(.rela.plt)

.text           0x0003e000     0x175c
 *(.vectors)
 .vectors       0x0003e000       0xe4 /Users/djeasy84/Documents/GitHub/easyOS/Mac/AVR-GCC/bin/../lib/gcc/avr/4.9.2/../../../../avr/lib/avr6/crtatmega2560.o
                0x0003e000                __vectors
                0x0003e000                __vector_default
 *(.vectors)
 *(.progmem.gcc*)
                0x0003e0e4                . = ALIGN (0x2)
                0x0003e0e4                __trampolines_start = .
 *(.trampolines)
 .trampolines   0x0003e0e4        0x0 linker stubs
 *(.trampolines*)
                0x0003e0e4                __trampolines_end = .
 *libprintf_flt.a:*(.progmem.data)
 *libc.a:*(.progmem.data)
 *(.progmem*)
 .progmem.data  0x0003e0e4      0x22e stk500boot.o
                0x0003e0e4                gTextMsg_END
                0x0003e0e6                gTextMsg_HELP_MSG_Y
                0x0003e0f3                gTextMsg_HELP_MSG_V
                0x0003e10c                gTextMsg_HELP_MSG_R
                0x0003e117                gTextMsg_HELP_MSG_Q
                0x0003e11e                gTextMsg_HELP_MSG_L
                0x0003e12f                gTextMsg_HELP_MSG_H
                0x0003e136                gTextMsg_HELP_MSG_F
                0x0003e143                gTextMsg_HELP_MSG_E
                0x0003e151                gTextMsg_HELP_MSG_B
                0x0003e15d                gTextMsg_HELP_MSG_AT
                0x0003e16b                gTextMsg_HELP_MSG_QM
                0x0003e177                gTextMsg_HELP_MSG_0
                0x0003e183                gTextMsg_PORT
                0x0003e188                gTextMsg_EEPROMerrorCnt
                0x0003e194                gTextMsg_ReadingEEprom
                0x0003e19f                gTextMsg_WriteToEEprom
                0x0003e1ab                gTextMsg_SPACE
                0x0003e1ad                gTextMsg_MustBeLetter
                0x0003e1be                gTextMsg_PortNotSupported
                0x0003e1d1                gTextMsg_WHAT_PORT
                0x0003e1dc                gTextMsg_jmp
                0x0003e1e1                gTextMsg_rjmp
                0x0003e1e8                gTextMsg_noVector
                0x0003e1f2                gTextMsg_VECTOR_HEADER
                0x0003e227                gTextMsg_GCC_VERSION_STR
                0x0003e22d                gTextMsg_AVR_LIBC_VER_STR
                0x0003e233                gTextMsg_GCC_DATE_STR
                0x0003e23f                gTextMsg_FUSE_BYTE_LOCK
                0x0003e24e                gTextMsg_FUSE_BYTE_EXT
                0x0003e25d                gTextMsg_FUSE_BYTE_HIGH
                0x0003e26c                gTextMsg_FUSE_BYTE_LOW
                0x0003e27b                gTextMsg_CPU_SIGNATURE
                0x0003e28a                gTextMsg_GCC_VERSION
                0x0003e299                gTextMsg_AVR_LIBC
                0x0003e2a8                gTextMsg_AVR_ARCH
                0x0003e2b7                gTextMsg_CPU_Type
                0x0003e2c6                gTextMsg_COMPILED_ON
                0x0003e2d5                gTextMsg_HUH
                0x0003e2da                gTextMsg_Prompt
                0x0003e2e6                gTextMsg_Explorer
                0x0003e307                gTextMsg_CPU_Name
                0x0003e312                . = ALIGN (0x2)
 *(.jumptables)
 *(.jumptables*)
 *(.lowtext)
 *(.lowtext*)
                0x0003e312                __ctors_start = .
 *(.ctors)
                0x0003e312                __ctors_end = .
                0x0003e312                __dtors_start = .
 *(.dtors)
                0x0003e312                __dtors_end = .
 SORT(*)(.ctors)
 SORT(*)(.dtors)
 *(.init0)
 .init0         0x0003e312        0x0 /Users/djeasy84/Documents/GitHub/easyOS/Mac/AVR-GCC/bin/../lib/gcc/avr/4.9.2/../../../../avr/lib/avr6/crtatmega2560.o
                0x0003e312                __init
 *(.init0)
 *(.init1)
 *(.init1)
 *(.init2)
 .init2         0x0003e312       0x10 /Users/djeasy84/Documents/GitHub/easyOS/Mac/AVR-GCC/bin/../lib/gcc/avr/4.9.2/../../../../avr/lib/avr6/crtatmega2560.o
 *(.init2)
 *(.init3)
 *(.init3)
 *(.init4)
 .init4         0x0003e322       0x1a /Users/djeasy84/Documents/GitHub/easyOS/Mac/AVR-GCC/bin/../lib/gcc/avr/4.9.2/avr6/libgcc.a(_copy_data.o)
                0x0003e322                __do_copy_data
 .init4         0x0003e33c       0x10 /Users/djeasy84/Documents/GitHub/easyOS/Mac/AVR-GCC/bin/../lib/gcc/avr/4.9.2/avr6/libgcc.a(_clear_bss.o)
                0x0003e33c                __do_clear_bss
 *(.init4)
 *(.init5)
 *(.init5)
 *(.init6)
 *(.init6)
 *(.init7)
 *(.init7)
 *(.init8)
 *(.init8)
 *(.init9)
 .init9         0x0003e34c        0x8 /Users/djeasy84/Documents/GitHub/easyOS/Mac/AVR-GCC/bin/../lib/gcc/avr/4.9.2/../../../../avr/lib/avr6/crtatmega2560.o
 .init9         0x0003e354       0x10 stk500boot.o
                0x0003e354                __jumpMain
 *(.init9)
 *(.text)
 .text          0x0003e364        0x4 /Users/djeasy84/Documents/GitHub/easyOS/Mac/AVR-GCC/bin/../lib/gcc/avr/4.9.2/../../../../avr/lib/avr6/crtatmega2560.o
                0x0003e364                __vector_42
                0x0003e364                __vector_22
                0x0003e364                __vector_28
                0x0003e364                __vector_1
                0x0003e364                __vector_32
                0x0003e364                __vector_34
                0x0003e364                __vector_24
                0x0003e364                __vector_12
                0x0003e364                __vector_55
                0x0003e364                __vector_46
                0x0003e364                __bad_interrupt
                0x0003e364                __vector_6
                0x0003e364                __vector_31
                0x0003e364                __vector_35
                0x0003e364                __vector_39
                0x0003e364                __vector_3
                0x0003e364                __vector_23
                0x0003e364                __vector_30
                0x0003e364                __vector_45
                0x0003e364                __vector_25
                0x0003e364                __vector_11
                0x0003e364                __vector_54
                0x0003e364                __vector_13
                0x0003e364                __vector_17
                0x0003e364                __vector_19
                0x0003e364                __vector_56
                0x0003e364                __vector_7
                0x0003e364                __vector_49
                0x0003e364                __vector_41
                0x0003e364                __vector_43
                0x0003e364                __vector_27
                0x0003e364                __vector_5
                0x0003e364                __vector_33
                0x0003e364                __vector_47
                0x0003e364                __vector_52
                0x0003e364                __vector_37
                0x0003e364                __vector_4
                0x0003e364                __vector_44
                0x0003e364                __vector_51
                0x0003e364                __vector_9
                0x0003e364                __vector_2
                0x0003e364                __vector_21
                0x0003e364                __vector_15
                0x0003e364                __vector_36
                0x0003e364                __vector_29
                0x0003e364                __vector_40
                0x0003e364                __vector_8
                0x0003e364                __vector_26
                0x0003e364                __vector_48
                0x0003e364                __vector_14
                0x0003e364                __vector_53
                0x0003e364                __vector_10
                0x0003e364                __vector_50
                0x0003e364                __vector_16
                0x0003e364                __vector_18
                0x0003e364                __vector_20
                0x0003e364                __vector_38
 .text          0x0003e368      0x120 stk500boot.o
                0x0003e380                delay_ms
                0x0003e39e                PrintFromPROGMEM
                0x0003e3c6                PrintNewLine
                0x0003e3d2                PrintFromPROGMEMln
                0x0003e3da                PrintString
                0x0003e3f2                PrintHexByte
                0x0003e420                PrintDecInt
 .text          0x0003e488        0x0 /Users/djeasy84/Documents/GitHub/easyOS/Mac/AVR-GCC/bin/../lib/gcc/avr/4.9.2/avr6/libgcc.a(_divmodhi4.o)
 .text          0x0003e488        0x0 /Users/djeasy84/Documents/GitHub/easyOS/Mac/AVR-GCC/bin/../lib/gcc/avr/4.9.2/avr6/libgcc.a(_udivmodsi4.o)
 .text          0x0003e488        0x0 /Users/djeasy84/Documents/GitHub/easyOS/Mac/AVR-GCC/bin/../lib/gcc/avr/4.9.2/avr6/libgcc.a(_exit.o)
 .text          0x0003e488        0x0 /Users/djeasy84/Documents/GitHub/easyOS/Mac/AVR-GCC/bin/../lib/gcc/avr/4.9.2/avr6/libgcc.a(_copy_data.o)
 .text          0x0003e488        0x0 /Users/djeasy84/Documents/GitHub/easyOS/Mac/AVR-GCC/bin/../lib/gcc/avr/4.9.2/avr6/libgcc.a(_clear_bss.o)
 .text          0x0003e488        0x0 /Users/djeasy84/Documents/GitHub/easyOS/Mac/AVR-GCC/bin/../lib/gcc/avr/4.9.2/avr6/libgcc.a(_udivmodhi4.o)
 .text          0x0003e488        0x0 /Users/djeasy84/Documents/GitHub/easyOS/Mac/AVR-GCC/bin/../lib/gcc/avr/4.9.2/../../../../avr/lib/avr6/libatmega2560.a(eerd_byte.o)
 .text          0x0003e488        0x0 /Users/djeasy84/Documents/GitHub/easyOS/Mac/AVR-GCC/bin/../lib/gcc/avr/4.9.2/../../../../avr/lib/avr6/libatmega2560.a(eewr_byte.o)
                0x0003e488                . = ALIGN (0x2)
 *(.text.*)
 .text.unlikely
                0x0003e488      0x14e stk500boot.o
 .text.startup  0x0003e5d6     0x10c2 stk500boot.o
                0x0003e5d6                main
 .text.libgcc.mul
                0x0003f698        0x0 /Users/djeasy84/Documents/GitHub/easyOS/Mac/AVR-GCC/bin/../lib/gcc/avr/4.9.2/avr6/libgcc.a(_divmodhi4.o)
 .text.libgcc.div
                0x0003f698       0x28 /Users/djeasy84/Documents/GitHub/easyOS/Mac/AVR-GCC/bin/../lib/gcc/avr/4.9.2/avr6/libgcc.a(_divmodhi4.o)
                0x0003f698                __divmodhi4
                0x0003f698                _div
 .text.libgcc   0x0003f6c0        0x0 /Users/djeasy84/Documents/GitHub/easyOS/Mac/AVR-GCC/bin/../lib/gcc/avr/4.9.2/avr6/libgcc.a(_divmodhi4.o)
 .text.libgcc.prologue
                0x0003f6c0        0x0 /Users/djeasy84/Documents/GitHub/easyOS/Mac/AVR-GCC/bin/../lib/gcc/avr/4.9.2/avr6/libgcc.a(_divmodhi4.o)
 .text.libgcc.builtins
                0x0003f6c0        0x0 /Users/djeasy84/Documents/GitHub/easyOS/Mac/AVR-GCC/bin/../lib/gcc/avr/4.9.2/avr6/libgcc.a(_divmodhi4.o)
 .text.libgcc.fmul
                0x0003f6c0        0x0 /Users/djeasy84/Documents/GitHub/easyOS/Mac/AVR-GCC/bin/../lib/gcc/avr/4.9.2/avr6/libgcc.a(_divmodhi4.o)
 .text.libgcc.fixed
                0x0003f6c0        0x0 /Users/djeasy84/Documents/GitHub/easyOS/Mac/AVR-GCC/bin/../lib/gcc/avr/4.9.2/avr6/libgcc.a(_divmodhi4.o)
 .text.libgcc.mul
                0x0003f6c0        0x0 /Users/djeasy84/Documents/GitHub/easyOS/Mac/AVR-GCC/bin/../lib/gcc/avr/4.9.2/avr6/libgcc.a(_udivmodsi4.o)
 .text.libgcc.div
                0x0003f6c0       0x44 /Users/djeasy84/Documents/GitHub/easyOS/Mac/AVR-GCC/bin/../lib/gcc/avr/4.9.2/avr6/libgcc.a(_udivmodsi4.o)
                0x0003f6c0                __udivmodsi4
 .text.libgcc   0x0003f704        0x0 /Users/djeasy84/Documents/GitHub/easyOS/Mac/AVR-GCC/bin/../lib/gcc/avr/4.9.2/avr6/libgcc.a(_udivmodsi4.o)
 .text.libgcc.prologue
                0x0003f704        0x0 /Users/djeasy84/Documents/GitHub/easyOS/Mac/AVR-GCC/bin/../lib/gcc/avr/4.9.2/avr6/libgcc.a(_udivmodsi4.o)
 .text.libgcc.builtins
                0x0003f704        0x0 /Users/djeasy84/Documents/GitHub/easyOS/Mac/AVR-GCC/bin/../lib/gcc/avr/4.9.2/avr6/libgcc.a(_udivmodsi4.o)
 .text.libgcc.fmul
                0x0003f704        0x0 /Users/djeasy84/Documents/GitHub/easyOS/Mac/AVR-GCC/bin/../lib/gcc/avr/4.9.2/avr6/libgcc.a(_udivmodsi4.o)
 .text.libgcc.fixed
                0x0003f704        0x0 /Users/djeasy84/Documents/GitHub/easyOS/Mac/AVR-GCC/bin/../lib/gcc/avr/4.9.2/avr6/libgcc.a(_udivmodsi4.o)
 .text.libgcc.mul
                0x0003f704        0x0 /Users/djeasy84/Documents/GitHub/easyOS/Mac/AVR-GCC/bin/../lib/gcc/avr/4.9.2/avr6/libgcc.a(_exit.o)
 .text.libgcc.div
                0x0003f704        0x0 /Users/djeasy84/Documents/GitHub/easyOS/Mac/AVR-GCC/bin/../lib/gcc/avr/4.9.2/avr6/libgcc.a(_exit.o)
 .text.libgcc   0x0003f704        0x0 /Users/djeasy84/Documents/GitHub/easyOS/Mac/AVR-GCC/bin/../lib/gcc/avr/4.9.2/avr6/libgcc.a(_exit.o)
 .text.libgcc.prologue
                0x0003f704        0x0 /Users/djeasy84/Documents/GitHub/easyOS/Mac/AVR-GCC/bin/../lib/gcc/avr/4.9.2/avr6/libgcc.a(_exit.o)
 .text.libgcc.builtins
                0x0003f704        0x0 /Users/djeasy84/Documents/GitHub/easyOS/Mac/AVR-GCC/bin/../lib/gcc/avr/4.9.2/avr6/libgcc.a(_exit.o)
 .text.libgcc.fmul
                0x0003f704        0x0 /Users/djeasy84/Documents/GitHub/easyOS/Mac/AVR-GCC/bin/../lib/gcc/avr/4.9.2/avr6/libgcc.a(_exit.o)
 .text.libgcc.fixed
                0x0003f704        0x0 /Users/djeasy84/Documents/GitHub/easyOS/Mac/AVR-GCC/bin/../lib/gcc/avr/4.9.2/avr6/libgcc.a(_exit.o)
 .text.libgcc.mul
                0x0003f704        0x0 /Users/djeasy84/Documents/GitHub/easyOS/Mac/AVR-GCC/bin/../lib/gcc/avr/4.9.2/avr6/libgcc.a(_copy_data.o)
 .text.libgcc.div
                0x0003f704        0x0 /Users/djeasy84/Documents/GitHub/easyOS/Mac/AVR-GCC/bin/../lib/gcc/avr/4.9.2/avr6/libgcc.a(_copy_data.o)
 .text.libgcc   0x0003f704        0x0 /Users/djeasy84/Documents/GitHub/easyOS/Mac/AVR-GCC/bin/../lib/gcc/avr/4.9.2/avr6/libgcc.a(_copy_data.o)
 .text.libgcc.prologue
                0x0003f704        0x0 /Users/djeasy84/Documents/GitHub/easyOS/Mac/AVR-GCC/bin/../lib/gcc/avr/4.9.2/avr6/libgcc.a(_copy_data.o)
 .text.libgcc.builtins
                0x0003f704        0x0 /Users/djeasy84/Documents/GitHub/easyOS/Mac/AVR-GCC/bin/../lib/gcc/avr/4.9.2/avr6/libgcc.a(_copy_data.o)
 .text.libgcc.fmul
                0x0003f704        0x0 /Users/djeasy84/Documents/GitHub/easyOS/Mac/AVR-GCC/bin/../lib/gcc/avr/4.9.2/avr6/libgcc.a(_copy_data.o)
 .text.libgcc.fixed
                0x0003f704        0x0 /Users/djeasy84/Documents/GitHub/easyOS/Mac/AVR-GCC/bin/../lib/gcc/avr/4.9.2/avr6/libgcc.a(_copy_data.o)
 .text.libgcc.mul
                0x0003f704        0x0 /Users/djeasy84/Documents/GitHub/easyOS/Mac/AVR-GCC/bin/../lib/gcc/avr/4.9.2/avr6/libgcc.a(_clear_bss.o)
 .text.libgcc.div
                0x0003f704        0x0 /Users/djeasy84/Documents/GitHub/easyOS/Mac/AVR-GCC/bin/../lib/gcc/avr/4.9.2/avr6/libgcc.a(_clear_bss.o)
 .text.libgcc   0x0003f704        0x0 /Users/djeasy84/Documents/GitHub/easyOS/Mac/AVR-GCC/bin/../lib/gcc/avr/4.9.2/avr6/libgcc.a(_clear_bss.o)
 .text.libgcc.prologue
                0x0003f704        0x0 /Users/djeasy84/Documents/GitHub/easyOS/Mac/AVR-GCC/bin/../lib/gcc/avr/4.9.2/avr6/libgcc.a(_clear_bss.o)
 .text.libgcc.builtins
                0x0003f704        0x0 /Users/djeasy84/Documents/GitHub/easyOS/Mac/AVR-GCC/bin/../lib/gcc/avr/4.9.2/avr6/libgcc.a(_clear_bss.o)
 .text.libgcc.fmul
                0x0003f704        0x0 /Users/djeasy84/Documents/GitHub/easyOS/Mac/AVR-GCC/bin/../lib/gcc/avr/4.9.2/avr6/libgcc.a(_clear_bss.o)
 .text.libgcc.fixed
                0x0003f704        0x0 /Users/djeasy84/Documents/GitHub/easyOS/Mac/AVR-GCC/bin/../lib/gcc/avr/4.9.2/avr6/libgcc.a(_clear_bss.o)
 .text.libgcc.mul
                0x0003f704        0x0 /Users/djeasy84/Documents/GitHub/easyOS/Mac/AVR-GCC/bin/../lib/gcc/avr/4.9.2/avr6/libgcc.a(_udivmodhi4.o)
 .text.libgcc.div
                0x0003f704       0x28 /Users/djeasy84/Documents/GitHub/easyOS/Mac/AVR-GCC/bin/../lib/gcc/avr/4.9.2/avr6/libgcc.a(_udivmodhi4.o)
                0x0003f704                __udivmodhi4
 .text.libgcc   0x0003f72c        0x0 /Users/djeasy84/Documents/GitHub/easyOS/Mac/AVR-GCC/bin/../lib/gcc/avr/4.9.2/avr6/libgcc.a(_udivmodhi4.o)
 .text.libgcc.prologue
                0x0003f72c        0x0 /Users/djeasy84/Documents/GitHub/easyOS/Mac/AVR-GCC/bin/../lib/gcc/avr/4.9.2/avr6/libgcc.a(_udivmodhi4.o)
 .text.libgcc.builtins
                0x0003f72c        0x0 /Users/djeasy84/Documents/GitHub/easyOS/Mac/AVR-GCC/bin/../lib/gcc/avr/4.9.2/avr6/libgcc.a(_udivmodhi4.o)
 .text.libgcc.fmul
                0x0003f72c        0x0 /Users/djeasy84/Documents/GitHub/easyOS/Mac/AVR-GCC/bin/../lib/gcc/avr/4.9.2/avr6/libgcc.a(_udivmodhi4.o)
 .text.libgcc.fixed
                0x0003f72c        0x0 /Users/djeasy84/Documents/GitHub/easyOS/Mac/AVR-GCC/bin/../lib/gcc/avr/4.9.2/avr6/libgcc.a(_udivmodhi4.o)
 .text.avr-libc
                0x0003f72c       0x10 /Users/djeasy84/Documents/GitHub/easyOS/Mac/AVR-GCC/bin/../lib/gcc/avr/4.9.2/../../../../avr/lib/avr6/libatmega2560.a(eerd_byte.o)
                0x0003f72c                eeprom_read_byte
 .text.avr-libc
                0x0003f73c       0x1c /Users/djeasy84/Documents/GitHub/easyOS/Mac/AVR-GCC/bin/../lib/gcc/avr/4.9.2/../../../../avr/lib/avr6/libatmega2560.a(eewr_byte.o)
                0x0003f73c                eeprom_write_byte
                0x0003f73e                eeprom_write_r18
                0x0003f758                . = ALIGN (0x2)
 *(.fini9)
 .fini9         0x0003f758        0x0 /Users/djeasy84/Documents/GitHub/easyOS/Mac/AVR-GCC/bin/../lib/gcc/avr/4.9.2/avr6/libgcc.a(_exit.o)
                0x0003f758                exit
                0x0003f758                _exit
 *(.fini9)
 *(.fini8)
 *(.fini8)
 *(.fini7)
 *(.fini7)
 *(.fini6)
 *(.fini6)
 *(.fini5)
 *(.fini5)
 *(.fini4)
 *(.fini4)
 *(.fini3)
 *(.fini3)
 *(.fini2)
 *(.fini2)
 *(.fini1)
 *(.fini1)
 *(.fini0)
 .fini0         0x0003f758        0x4 /Users/djeasy84/Documents/GitHub/easyOS/Mac/AVR-GCC/bin/../lib/gcc/avr/4.9.2/avr6/libgcc.a(_exit.o)
 *(.fini0)
                0x0003f75c                _etext = .

.data           0x00800200        0x4 load address 0x0003f75c
                0x00800200                PROVIDE (__data_start, .)
 *(.data)
 .data          0x00800200        0x0 /Users/djeasy84/Documents/GitHub/easyOS/Mac/AVR-GCC/bin/../lib/gcc/avr/4.9.2/../../../../avr/lib/avr6/crtatmega2560.o
 .data          0x00800200        0x0 stk500boot.o
 .data          0x00800200        0x0 /Users/djeasy84/Documents/GitHub/easyOS/Mac/AVR-GCC/bin/../lib/gcc/avr/4.9.2/avr6/libgcc.a(_divmodhi4.o)
 .data          0x00800200        0x0 /Users/djeasy84/Documents/GitHub/easyOS/Mac/AVR-GCC/bin/../lib/gcc/avr/4.9.2/avr6/libgcc.a(_udivmodsi4.o)
 .data          0x00800200        0x0 /Users/djeasy84/Documents/GitHub/easyOS/Mac/AVR-GCC/bin/../lib/gcc/avr/4.9.2/avr6/libgcc.a(_exit.o)
 .data          0x00800200        0x0 /Users/djeasy84/Documents/GitHub/easyOS/Mac/AVR-GCC/bin/../lib/gcc/avr/4.9.2/avr6/libgcc.a(_copy_data.o)
 .data          0x00800200        0x0 /Users/djeasy84/Documents/GitHub/easyOS/Mac/AVR-GCC/bin/../lib/gcc/avr/4.9.2/avr6/libgcc.a(_clear_bss.o)
 .data          0x00800200        0x0 /Users/djeasy84/Documents/GitHub/easyOS/Mac/AVR-GCC/bin/../lib/gcc/avr/4.9.2/avr6/libgcc.a(_udivmodhi4.o)
 .data          0x00800200        0x0 /Users/djeasy84/Documents/GitHub/easyOS/Mac/AVR-GCC/bin/../lib/gcc/avr/4.9.2/../../../../avr/lib/avr6/libatmega2560.a(eerd_byte.o)
 .data          0x00800200        0x0 /Users/djeasy84/Documents/GitHub/easyOS/Mac/AVR-GCC/bin/../lib/gcc/avr/4.9.2/../../../../avr/lib/avr6/libatmega2560.a(eewr_byte.o)
 *(.data*)
 *(.rodata)
 .rodata        0x00800200        0x3 stk500boot.o
 *(.rodata*)
 *(.gnu.linkonce.d*)
                0x00800204                . = ALIGN (0x2)
 *fill*         0x00800203        0x1 
                0x00800204                _edata = .
                0x00800204                PROVIDE (__data_end, .)

.bss            0x00800204        0xc
                0x00800204                PROVIDE (__bss_start, .)
 *(.bss)
 .bss           0x00800204        0x0 /Users/djeasy84/Documents/GitHub/easyOS/Mac/AVR-GCC/bin/../lib/gcc/avr/4.9.2/../../../../avr/lib/avr6/crtatmega2560.o
 .bss           0x00800204        0x0 stk500boot.o
 .bss           0x00800204        0x0 /Users/djeasy84/Documents/GitHub/easyOS/Mac/AVR-GCC/bin/../lib/gcc/avr/4.9.2/avr6/libgcc.a(_divmodhi4.o)
 .bss           0x00800204        0x0 /Users/djeasy84/Documents/GitHub/easyOS/Mac/AVR-GCC/bin/../lib/gcc/avr/4.9.2/avr6/libgcc.a(_udivmodsi4.o)
 .bss           0x00800204        0x0 /Users/djeasy84/Documents/GitHub/easyOS/Mac/AVR-GCC/bin/../lib/gcc/avr/4.9.2/avr6/libgcc.a(_exit.o)
 .bss           0x00800204        0x0 /Users/djeasy84/Documents/GitHub/easyOS/Mac/AVR-GCC/bin/../lib/gcc/avr/4.9.2/avr6/libgcc.a(_copy_data.o)
 .bss           0x00800204        0x0 /Users/djeasy84/Documents/GitHub/easyOS/Mac/AVR-GCC/bin/../lib/gcc/avr/4.9.2/avr6/libgcc.a(_clear_bss.o)
 .bss           0x00800204        0x0 /Users/djeasy84/Documents/GitHub/easyOS/Mac/AVR-GCC/bin/../lib/gcc/avr/4.9.2/avr6/libgcc.a(_udivmodhi4.o)
 .bss           0x00800204        0x0 /Users/djeasy84/Documents/GitHub/easyOS/Mac/AVR-GCC/bin/../lib/gcc/avr/4.9.2/../../../../avr/lib/avr6/libatmega2560.a(eerd_byte.o)
 .bss           0x00800204        0x0 /Users/djeasy84/Documents/GitHub/easyOS/Mac/AVR-GCC/bin/../lib/gcc/avr/4.9.2/../../../../avr/lib/avr6/libatmega2560.a(eewr_byte.o)
 *(.bss*)
 *(COMMON)
 COMMON         0x00800204        0xc stk500boot.o
                0x00800204                gEepromIndex
                0x00800208                gFlashIndex
                0x0080020c                gRamIndex
                0x00800210                PROVIDE (__bss_end, .)
                0x0003f75c                __data_load_start = LOADADDR (.data)
                0x0003f760                __data_load_end = (__data_load_start + SIZEOF (.data))

.noinit         0x00800210        0x0
                [!provide]                PROVIDE (__noinit_start, .)
 *(.noinit*)
                [!provide]                PROVIDE (__noinit_end, .)
                0x00800210                _end = .
                [!provide]                PROVIDE (__heap_start, .)

.eeprom         0x00810000        0x0
 *(.eeprom*)
                0x00810000                __eeprom_end = .

.fuse
 *(.fuse)
 *(.lfuse)
 *(.hfuse)
 *(.efuse)

.lock
 *(.lock*)

.signature
 *(.signature*)

.user_signatures
 *(.user_signatures*)

.stab
 *(.stab)

.stabstr
 *(.stabstr)

.stab.excl
 *(.stab.excl)

.stab.exclstr
 *(.stab.exclstr)

.stab.index
 *(.stab.index)

.stab.indexstr
 *(.stab.indexstr)

.comment        0x00000000       0x11
 *(.comment)
 .comment       0x00000000       0x11 stk500boot.o
                                 0x12 (size before relaxing)

.note.gnu.avr.deviceinfo
                0x00000000       0x40
 .note.gnu.avr.deviceinfo
                0x00000000       0x40 /Users/djeasy84/Documents/GitHub/easyOS/Mac/AVR-GCC/bin/../lib/gcc/avr/4.9.2/../../../../avr/lib/avr6/crtatmega2560.o

.note.gnu.build-id
 *(.note.gnu.build-id)

.debug
 *(.debug)

.line
 *(.line)

.debug_srcinfo
 *(.debug_srcinfo)

.debug_sfnames
 *(.debug_sfnames)

.debug_aranges  0x00000000       0x48
 *(.debug_aranges)
 .debug_aranges
                0x00000000       0x48 stk500boot.o

.debug_pubnames
 *(.debug_pubnames)

.debug_info     0x00000000     0x3052
 *(.debug_info .gnu.linkonce.wi.*)
 .debug_info    0x00000000      0xbbc /Users/djeasy84/Documents/GitHub/easyOS/Mac/AVR-GCC/bin/../lib/gcc/avr/4.9.2/../../../../avr/lib/avr6/crtatmega2560.o
 .debug_info    0x00000bbc     0x2496 stk500boot.o

.debug_abbrev   0x00000000      0xea8
 *(.debug_abbrev)
 .debug_abbrev  0x00000000      0xb1a /Users/djeasy84/Documents/GitHub/easyOS/Mac/AVR-GCC/bin/../lib/gcc/avr/4.9.2/../../../../avr/lib/avr6/crtatmega2560.o
 .debug_abbrev  0x00000b1a      0x38e stk500boot.o

.debug_line     0x00000000     0x1021
 *(.debug_line .debug_line.* .debug_line_end)
 .debug_line    0x00000000       0x1a /Users/djeasy84/Documents/GitHub/easyOS/Mac/AVR-GCC/bin/../lib/gcc/avr/4.9.2/../../../../avr/lib/avr6/crtatmega2560.o
 .debug_line    0x0000001a     0x1007 stk500boot.o

.debug_frame    0x00000000      0x1ac
 *(.debug_frame)
 .debug_frame   0x00000000      0x1ac stk500boot.o

.debug_str      0x00000000      0xcbc
 *(.debug_str)
 .debug_str     0x00000000      0x3e6 /Users/djeasy84/Documents/GitHub/easyOS/Mac/AVR-GCC/bin/../lib/gcc/avr/4.9.2/../../../../avr/lib/avr6/crtatmega2560.o
 .debug_str     0x000003e6      0x8d6 stk500boot.o
                                0x920 (size before relaxing)

.debug_loc      0x00000000     0x1a97
 *(.debug_loc)
 .debug_loc     0x00000000     0x1a97 stk500boot.o

.debug_macinfo
 *(.debug_macinfo)

.debug_weaknames
 *(.debug_weaknames)

.debug_funcnames
 *(.debug_funcnames)

.debug_typenames
 *(.debug_typenames)

.debug_varnames
 *(.debug_varnames)

.debug_pubtypes
 *(.debug_pubtypes)

.debug_ranges   0x00000000       0xe8
 *(.debug_ranges)
 .debug_ranges  0x00000000       0xe8 stk500boot.o

.debug_macro
 *(.debug_macro)
OUTPUT(stk500boot.elf elf32-avr)
LOAD linker stubs

Cross Reference Table

Symbol                                            File
PrintDecInt                                       stk500boot.o
PrintFromPROGMEM                                  stk500boot.o
PrintFromPROGMEMln                                stk500boot.o
PrintHexByte                                      stk500boot.o
PrintNewLine                                      stk500boot.o
PrintString                                       stk500boot.o
__FUSE_REGION_LENGTH__                            /Users/djeasy84/Documents/GitHub/easyOS/Mac/AVR-GCC/bin/../lib/gcc/avr/4.9.2/../../../../avr/lib/avr6/crtatmega2560.o
__bad_interrupt                                   /Users/djeasy84/Documents/GitHub/easyOS/Mac/AVR-GCC/bin/../lib/gcc/avr/4.9.2/../../../../avr/lib/avr6/crtatmega2560.o
__bss_end                                         /Users/djeasy84/Documents/GitHub/easyOS/Mac/AVR-GCC/bin/../lib/gcc/avr/4.9.2/avr6/libgcc.a(_clear_bss.o)
__bss_start                                       /Users/djeasy84/Documents/GitHub/easyOS/Mac/AVR-GCC/bin/../lib/gcc/avr/4.9.2/avr6/libgcc.a(_clear_bss.o)
__data_end                                        /Users/djeasy84/Documents/GitHub/easyOS/Mac/AVR-GCC/bin/../lib/gcc/avr/4.9.2/avr6/libgcc.a(_copy_data.o)
__data_load_start                                 /Users/djeasy84/Documents/GitHub/easyOS/Mac/AVR-GCC/bin/../lib/gcc/avr/4.9.2/avr6/libgcc.a(_copy_data.o)
__data_start                                      /Users/djeasy84/Documents/GitHub/easyOS/Mac/AVR-GCC/bin/../lib/gcc/avr/4.9.2/avr6/libgcc.a(_copy_data.o)
__divmodhi4                                       /Users/djeasy84/Documents/GitHub/easyOS/Mac/AVR-GCC/bin/../lib/gcc/avr/4.9.2/avr6/libgcc.a(_divmodhi4.o)
                                                  stk500boot.o
__do_clear_bss                                    /Users/djeasy84/Documents/GitHub/easyOS/Mac/AVR-GCC/bin/../lib/gcc/avr/4.9.2/avr6/libgcc.a(_clear_bss.o)
                                                  stk500boot.o
__do_copy_data                                    /Users/djeasy84/Documents/GitHub/easyOS/Mac/AVR-GCC/bin/../lib/gcc/avr/4.9.2/avr6/libgcc.a(_copy_data.o)
                                                  stk500boot.o
__heap_end                                        /Users/djeasy84/Documents/GitHub/easyOS/Mac/AVR-GCC/bin/../lib/gcc/avr/4.9.2/../../../../avr/lib/avr6/crtatmega2560.o
__init                                            /Users/djeasy84/Documents/GitHub/easyOS/Mac/AVR-GCC/bin/../lib/gcc/avr/4.9.2/../../../../avr/lib/avr6/crtatmega2560.o
__jumpMain                                        stk500boot.o
__stack                                           /Users/djeasy84/Documents/GitHub/easyOS/Mac/AVR-GCC/bin/../lib/gcc/avr/4.9.2/../../../../avr/lib/avr6/crtatmega2560.o
__udivmodhi4                                      /Users/djeasy84/Documents/GitHub/easyOS/Mac/AVR-GCC/bin/../lib/gcc/avr/4.9.2/avr6/libgcc.a(_udivmodhi4.o)
                                                  /Users/djeasy84/Documents/GitHub/easyOS/Mac/AVR-GCC/bin/../lib/gcc/avr/4.9.2/avr6/libgcc.a(_divmodhi4.o)
__udivmodsi4                                      /Users/djeasy84/Documents/GitHub/easyOS/Mac/AVR-GCC/bin/../lib/gcc/avr/4.9.2/avr6/libgcc.a(_udivmodsi4.o)
                                                  stk500boot.o
__vector_1                                        /Users/djeasy84/Documents/GitHub/easyOS/Mac/AVR-GCC/bin/../lib/gcc/avr/4.9.2/../../../../avr/lib/avr6/crtatmega2560.o
__vector_10                                       /Users/djeasy84/Documents/GitHub/easyOS/Mac/AVR-GCC/bin/../lib/gcc/avr/4.9.2/../../../../avr/lib/avr6/crtatmega2560.o
__vector_11                                       /Users/djeasy84/Documents/GitHub/easyOS/Mac/AVR-GCC/bin/../lib/gcc/avr/4.9.2/../../../../avr/lib/avr6/crtatmega2560.o
__vector_12                                       /Users/djeasy84/Documents/GitHub/easyOS/Mac/AVR-GCC/bin/../lib/gcc/avr/4.9.2/../../../../avr/lib/avr6/crtatmega2560.o
__vector_13                                       /Users/djeasy84/Documents/GitHub/easyOS/Mac/AVR-GCC/bin/../lib/gcc/avr/4.9.2/../../../../avr/lib/avr6/crtatmega2560.o
__vector_14                                       /Users/djeasy84/Documents/GitHub/easyOS/Mac/AVR-GCC/bin/../lib/gcc/avr/4.9.2/../../../../avr/lib/avr6/crtatmega2560.o
__vector_15                                       /Users/djeasy84/Documents/GitHub/easyOS/Mac/AVR-GCC/bin/../lib/gcc/avr/4.9.2/../../../../avr/lib/avr6/crtatmega2560.o
__vector_16                                       /Users/djeasy84/Documents/GitHub/easyOS/Mac/AVR-GCC/bin/../lib/gcc/avr/4.9.2/../../../../avr/lib/avr6/crtatmega2560.o
__vector_17                                       /Users/djeasy84/Documents/GitHub/easyOS/Mac/AVR-GCC/bin/../lib/gcc/avr/4.9.2/../../../../avr/lib/avr6/crtatmega2560.o
__vector_18                                       /Users/djeasy84/Documents/GitHub/easyOS/Mac/AVR-GCC/bin/../lib/gcc/avr/4.9.2/../../../../avr/lib/avr6/crtatmega2560.o
__vector_19                                       /Users/djeasy84/Documents/GitHub/easyOS/Mac/AVR-GCC/bin/../lib/gcc/avr/4.9.2/../../../../avr/lib/avr6/crtatmega2560.o
__vector_2                                        /Users/djeasy84/Documents/GitHub/easyOS/Mac/AVR-GCC/bin/../lib/gcc/avr/4.9.2/../../../../avr/lib/avr6/crtatmega2560.o
__vector_20                                       /Users/djeasy84/Documents/GitHub/easyOS/Mac/AVR-GCC/bin/../lib/gcc/avr/4.9.2/../../../../avr/lib/avr6/crtatmega2560.o
__vector_21                                       /Users/djeasy84/Documents/GitHub/easyOS/Mac/AVR-GCC/bin/../lib/gcc/avr/4.9.2/../../../../avr/lib/avr6/crtatmega2560.o
__vector_22                                       /Users/djeasy84/Documents/GitHub/easyOS/Mac/AVR-GCC/bin/../lib/gcc/avr/4.9.2/../../../../avr/lib/avr6/crtatmega2560.o
__vector_23                                       /Users/djeasy84/Documents/GitHub/easyOS/Mac/AVR-GCC/bin/../lib/gcc/avr/4.9.2/../../../../avr/lib/avr6/crtatmega2560.o
__vector_24                                       /Users/djeasy84/Documents/GitHub/easyOS/Mac/AVR-GCC/bin/../lib/gcc/avr/4.9.2/../../../../avr/lib/avr6/crtatmega2560.o
__vector_25                                       /Users/djeasy84/Documents/GitHub/easyOS/Mac/AVR-GCC/bin/../lib/gcc/avr/4.9.2/../../../../avr/lib/avr6/crtatmega2560.o
__vector_26                                       /Users/djeasy84/Documents/GitHub/easyOS/Mac/AVR-GCC/bin/../lib/gcc/avr/4.9.2/../../../../avr/lib/avr6/crtatmega2560.o
__vector_27                                       /Users/djeasy84/Documents/GitHub/easyOS/Mac/AVR-GCC/bin/../lib/gcc/avr/4.9.2/../../../../avr/lib/avr6/crtatmega2560.o
__vector_28                                       /Users/djeasy84/Documents/GitHub/easyOS/Mac/AVR-GCC/bin/../lib/gcc/avr/4.9.2/../../../../avr/lib/avr6/crtatmega2560.o
__vector_29                                       /Users/djeasy84/Documents/GitHub/easyOS/Mac/AVR-GCC/bin/../lib/gcc/avr/4.9.2/../../../../avr/lib/avr6/crtatmega2560.o
__vector_3                                        /Users/djeasy84/Documents/GitHub/easyOS/Mac/AVR-GCC/bin/../lib/gcc/avr/4.9.2/../../../../avr/lib/avr6/crtatmega2560.o
__vector_30                                       /Users/djeasy84/Documents/GitHub/easyOS/Mac/AVR-GCC/bin/../lib/gcc/avr/4.9.2/../../../../avr/lib/avr6/crtatmega2560.o
__vector_31                                       /Users/djeasy84/Documents/GitHub/easyOS/Mac/AVR-GCC/bin/../lib/gcc/avr/4.9.2/../../../../avr/lib/avr6/crtatmega2560.o
__vector_32                                       /Users/djeasy84/Documents/GitHub/easyOS/Mac/AVR-GCC/bin/../lib/gcc/avr/4.9.2/../../../../avr/lib/avr6/crtatmega2560.o
__vector_33                                       /Users/djeasy84/Documents/GitHub/easyOS/Mac/AVR-GCC/bin/../lib/gcc/avr/4.9.2/../../../../avr/lib/avr6/crtatmega2560.o
__vector_34                                       /Users/djeasy84/Documents/GitHub/easyOS/Mac/AVR-GCC/bin/../lib/gcc/avr/4.9.2/../../../../avr/lib/avr6/crtatmega2560.o
__vector_35                                       /Users/djeasy84/Documents/GitHub/easyOS/Mac/AVR-GCC/bin/../lib/gcc/avr/4.9.2/../../../../avr/lib/avr6/crtatmega2560.o
__vector_36                                       /Users/djeasy84/Documents/GitHub/easyOS/Mac/AVR-GCC/bin/../lib/gcc/avr/4.9.2/../../../../avr/lib/avr6/crtatmega2560.o
__vector_37                                       /Users/djeasy84/Documents/GitHub/easyOS/Mac/AVR-GCC/bin/../lib/gcc/avr/4.9.2/../../../../avr/lib/avr6/crtatmega2560.o
__vector_38                                       /Users/djeasy84/Documents/GitHub/easyOS/Mac/AVR-GCC/bin/../lib/gcc/avr/4.9.2/../../../../avr/lib/avr6/crtatmega2560.o
__vector_39                                       /Users/djeasy84/Documents/GitHub/easyOS/Mac/AVR-GCC/bin/../lib/gcc/avr/4.9.2/../../../../avr/lib/avr6/crtatmega2560.o
__vector_4                                        /Users/djeasy84/Documents/GitHub/easyOS/Mac/AVR-GCC/bin/../lib/gcc/avr/4.9.2/../../../../avr/lib/avr6/crtatmega2560.o
__vector_40                                       /Users/djeasy84/Documents/GitHub/easyOS/Mac/AVR-GCC/bin/../lib/gcc/avr/4.9.2/../../../../avr/lib/avr6/crtatmega2560.o
__vector_41                                       /Users/djeasy84/Documents/GitHub/easyOS/Mac/AVR-GCC/bin/../lib/gcc/avr/4.9.2/../../../../avr/lib/avr6/crtatmega2560.o
__vector_42                                       /Users/djeasy84/Documents/GitHub/easyOS/Mac/AVR-GCC/bin/../lib/gcc/avr/4.9.2/../../../../avr/lib/avr6/crtatmega2560.o
__vector_43                                       /Users/djeasy84/Documents/GitHub/easyOS/Mac/AVR-GCC/bin/../lib/gcc/avr/4.9.2/../../../../avr/lib/avr6/crtatmega2560.o
__vector_44                                       /Users/djeasy84/Documents/GitHub/easyOS/Mac/AVR-GCC/bin/../lib/gcc/avr/4.9.2/../../../../avr/lib/avr6/crtatmega2560.o
__vector_45                                       /Users/djeasy84/Documents/GitHub/easyOS/Mac/AVR-GCC/bin/../lib/gcc/avr/4.9.2/../../../../avr/lib/avr6/crtatmega2560.o
__vector_46                                       /Users/djeasy84/Documents/GitHub/easyOS/Mac/AVR-GCC/bin/../lib/gcc/avr/4.9.2/../../../../avr/lib/avr6/crtatmega2560.o
__vector_47                                       /Users/djeasy84/Documents/GitHub/easyOS/Mac/AVR-GCC/bin/../lib/gcc/avr/4.9.2/../../../../avr/lib/avr6/crtatmega2560.o
__vector_48                                       /Users/djeasy84/Documents/GitHub/easyOS/Mac/AVR-GCC/bin/../lib/gcc/avr/4.9.2/../../../../avr/lib/avr6/crtatmega2560.o
__vector_49                                       /Users/djeasy84/Documents/GitHub/easyOS/Mac/AVR-GCC/bin/../lib/gcc/avr/4.9.2/../../../../avr/lib/avr6/crtatmega2560.o
__vector_5                                        /Users/djeasy84/Documents/GitHub/easyOS/Mac/AVR-GCC/bin/../lib/gcc/avr/4.9.2/../../../../avr/lib/avr6/crtatmega2560.o
__vector_50                                       /Users/djeasy84/Documents/GitHub/easyOS/Mac/AVR-GCC/bin/../lib/gcc/avr/4.9.2/../../../../avr/lib/avr6/crtatmega2560.o
__vector_51                                       /Users/djeasy84/Documents/GitHub/easyOS/Mac/AVR-GCC/bin/../lib/gcc/avr/4.9.2/../../../../avr/lib/avr6/crtatmega2560.o
__vector_52                                       /Users/djeasy84/Documents/GitHub/easyOS/Mac/AVR-GCC/bin/../lib/gcc/avr/4.9.2/../../../../avr/lib/avr6/crtatmega2560.o
__vector_53                                       /Users/djeasy84/Documents/GitHub/easyOS/Mac/AVR-GCC/bin/../lib/gcc/avr/4.9.2/../../../../avr/lib/avr6/crtatmega2560.o
__vector_54                                       /Users/djeasy84/Documents/GitHub/easyOS/Mac/AVR-GCC/bin/../lib/gcc/avr/4.9.2/../../../../avr/lib/avr6/crtatmega2560.o
__vector_55                                       /Users/djeasy84/Documents/GitHub/easyOS/Mac/AVR-GCC/bin/../lib/gcc/avr/4.9.2/../../../../avr/lib/avr6/crtatmega2560.o
__vector_56                                       /Users/djeasy84/Documents/GitHub/easyOS/Mac/AVR-GCC/bin/../lib/gcc/avr/4.9.2/../../../../avr/lib/avr6/crtatmega2560.o
__vector_6                                        /Users/djeasy84/Documents/GitHub/easyOS/Mac/AVR-GCC/bin/../lib/gcc/avr/4.9.2/../../../../avr/lib/avr6/crtatmega2560.o
__vector_7                                        /Users/djeasy84/Documents/GitHub/easyOS/Mac/AVR-GCC/bin/../lib/gcc/avr/4.9.2/../../../../avr/lib/avr6/crtatmega2560.o
__vector_8                                        /Users/djeasy84/Documents/GitHub/easyOS/Mac/AVR-GCC/bin/../lib/gcc/avr/4.9.2/../../../../avr/lib/avr6/crtatmega2560.o
__vector_9                                        /Users/djeasy84/Documents/GitHub/easyOS/Mac/AVR-GCC/bin/../lib/gcc/avr/4.9.2/../../../../avr/lib/avr6/crtatmega2560.o
__vector_default                                  /Users/djeasy84/Documents/GitHub/easyOS/Mac/AVR-GCC/bin/../lib/gcc/avr/4.9.2/../../../../avr/lib/avr6/crtatmega2560.o
__vectors                                         /Users/djeasy84/Documents/GitHub/easyOS/Mac/AVR-GCC/bin/../lib/gcc/avr/4.9.2/../../../../avr/lib/avr6/crtatmega2560.o
_div                                              /Users/djeasy84/Documents/GitHub/easyOS/Mac/AVR-GCC/bin/../lib/gcc/avr/4.9.2/avr6/libgcc.a(_divmodhi4.o)
_exit                                             /Users/djeasy84/Documents/GitHub/easyOS/Mac/AVR-GCC/bin/../lib/gcc/avr/4.9.2/avr6/libgcc.a(_exit.o)
delay_ms                                          stk500boot.o
eeprom_read_byte                                  /Users/djeasy84/Documents/GitHub/easyOS/Mac/AVR-GCC/bin/../lib/gcc/avr/4.9.2/../../../../avr/lib/avr6/libatmega2560.a(eerd_byte.o)
                                                  stk500boot.o
eeprom_write_byte                                 /Users/djeasy84/Documents/GitHub/easyOS/Mac/AVR-GCC/bin/../lib/gcc/avr/4.9.2/../../../../avr/lib/avr6/libatmega2560.a(eewr_byte.o)
                                                  stk500boot.o
eeprom_write_r18                                  /Users/djeasy84/Documents/GitHub/easyOS/Mac/AVR-GCC/bin/../lib/gcc/avr/4.9.2/../../../../avr/lib/avr6/libatmega2560.a(eewr_byte.o)
exit                                              /Users/djeasy84/Documents/GitHub/easyOS/Mac/AVR-GCC/bin/../lib/gcc/avr/4.9.2/avr6/libgcc.a(_exit.o)
                                                  /Users/djeasy84/Documents/GitHub/easyOS/Mac/AVR-GCC/bin/../lib/gcc/avr/4.9.2/../../../../avr/lib/avr6/crtatmega2560.o
gEepromIndex                                      stk500boot.o
gFlashIndex                                       stk500boot.o
gRamIndex                                         stk500boot.o
gTextMsg_AVR_ARCH                                 stk500boot.o
gTextMsg_AVR_LIBC                                 stk500boot.o
gTextMsg_AVR_LIBC_VER_STR                         stk500boot.o
gTextMsg_COMPILED_ON                              stk500boot.o
gTextMsg_CPU_Name                                 stk500boot.o
gTextMsg_CPU_SIGNATURE                            stk500boot.o
gTextMsg_CPU_Type                                 stk500boot.o
gTextMsg_EEPROMerrorCnt                           stk500boot.o
gTextMsg_END                                      stk500boot.o
gTextMsg_Explorer                                 stk500boot.o
gTextMsg_FUSE_BYTE_EXT                            stk500boot.o
gTextMsg_FUSE_BYTE_HIGH                           stk500boot.o
gTextMsg_FUSE_BYTE_LOCK                           stk500boot.o
gTextMsg_FUSE_BYTE_LOW                            stk500boot.o
gTextMsg_GCC_DATE_STR                             stk500boot.o
gTextMsg_GCC_VERSION                              stk500boot.o
gTextMsg_GCC_VERSION_STR                          stk500boot.o
gTextMsg_HELP_MSG_0                               stk500boot.o
gTextMsg_HELP_MSG_AT                              stk500boot.o
gTextMsg_HELP_MSG_B                               stk500boot.o
gTextMsg_HELP_MSG_E                               stk500boot.o
gTextMsg_HELP_MSG_F                               stk500boot.o
gTextMsg_HELP_MSG_H                               stk500boot.o
gTextMsg_HELP_MSG_L                               stk500boot.o
gTextMsg_HELP_MSG_Q                               stk500boot.o
gTextMsg_HELP_MSG_QM                              stk500boot.o
gTextMsg_HELP_MSG_R                               stk500boot.o
gTextMsg_HELP_MSG_V                               stk500boot.o
gTextMsg_HELP_MSG_Y                               stk500boot.o
gTextMsg_HUH                                      stk500boot.o
gTextMsg_MustBeLetter                             stk500boot.o
gTextMsg_PORT                                     stk500boot.o
gTextMsg_PortNotSupported                         stk500boot.o
gTextMsg_Prompt                                   stk500boot.o
gTextMsg_ReadingEEprom                            stk500boot.o
gTextMsg_SPACE                                    stk500boot.o
gTextMsg_VECTOR_HEADER                            stk500boot.o
gTextMsg_WHAT_PORT                                stk500boot.o
gTextMsg_WriteToEEprom                            stk500boot.o
gTextMsg_jmp                                      stk500boot.o
gTextMsg_noVector                                 stk500boot.o
gTextMsg_rjmp                                     stk500boot.o
main                                              stk500boot.o
                                                  /Users/djeasy84/Documents/GitHub/easyOS/Mac/AVR-GCC/bin/../lib/gcc/avr/4.9.2/../../../../avr/lib/avr6/crtatmega2560.o
